// Jest Snapshot v1, https://goo.gl/fbAQLP

exports[`BrokerP1 contract #fast Gas Reporting DutchTrade Initialize Trade  1`] = `233492`;

exports[`BrokerP1 contract #fast Gas Reporting DutchTrade Open Trade  1`] = `338119`;

exports[`BrokerP1 contract #fast Gas Reporting DutchTrade Open Trade  2`] = `340233`;

exports[`BrokerP1 contract #fast Gas Reporting DutchTrade Open Trade  3`] = `342371`;

exports[`BrokerP1 contract #fast Gas Reporting DutchTrade Settle Trade  1`] = `63421`;

exports[`BrokerP1 contract #fast Gas Reporting GnosisTrade Initialize Trade  1`] = `451427`;

exports[`BrokerP1 contract #fast Gas Reporting GnosisTrade Open Trade  1`] = `539971`;

exports[`BrokerP1 contract #fast Gas Reporting GnosisTrade Open Trade  2`] = `527809`;

exports[`BrokerP1 contract #fast Gas Reporting GnosisTrade Open Trade  3`] = `529947`;

exports[`BrokerP1 contract #fast Gas Reporting GnosisTrade Settle Trade  1`] = `113056`;
